
> temp_setup@0.1.0 build
> next build

Ôû▓ Next.js 16.1.6 (Turbopack)
- Environments: .env.local

node.exe : ÔÜá The "middleware" file 
convention is deprecated. Please use 
"proxy" instead. Learn more: https://
nextjs.org/docs/messages/middleware-t
o-proxy
At C:\Program 
Files\nodejs\npm.ps1:29 char:3
+   & $NODE_EXE $NPM_CLI_JS $args
+   ~~~~~~~~~~~~~~~~~~~~~~~~~~~~~
    + CategoryInfo          : NotSpe 
   cified: (ÔÜá The "middle...lewar  
  e-to-proxy:String) [], RemoteExc   
 eption
    + FullyQualifiedErrorId : Native 
   CommandError
 
  Creating an optimized production build ...

> Build error occurred
Error: Turbopack build failed with 4 
errors:
./src/lib/data/clients.ts:16:44
Parsing ecmascript source code failed
[0m [90m 14 |[39m [90m * Fetches 
all clients from the database[39m
 [90m 15 |[39m [90m */[39m
[31m[1m>[22m[39m[90m 16 |[39m 
[36mexport[39m [36masync[39m 
[36mfunction[39m 
getClients()[33m:[39m [33mPromise\
u003cClientItem[39m[]\u003e {
 [90m    |[39m                     
                       [31m[1m^[22
m[39m[31m[1m^[22m[39m[31m[1m^
[22m[39m[31m[1m^[22m[39m[31m[1
m^[22m[39m[31m[1m^[22m[39m
 [90m 17 |[39m     [36mconst[39m 
supabase [33m=[39m 
createServiceClient()[33m;[39m
 [90m 18 |[39m
 [90m 19 |[39m     [36mconst[39m 
{ data[33m,[39m error } 
[33m=[39m [36mawait[39m 
supabase[0m

Invalid character in identifier

Import trace:
  Server Component:
    ./src/lib/data/clients.ts
    ./src/app/clients/page.tsx


./src/lib/data/clients.ts:16:62
Parsing ecmascript source code failed
[0m [90m 14 |[39m [90m * Fetches 
all clients from the database[39m
 [90m 15 |[39m [90m */[39m
[31m[1m>[22m[39m[90m 16 |[39m 
[36mexport[39m [36masync[39m 
[36mfunction[39m 
getClients()[33m:[39m [33mPromise\
u003cClientItem[39m[]\u003e {
 [90m    |[39m                     
                                     
    [31m[1m^[22m[39m[31m[1m^[2
2m[39m[31m[1m^[22m[39m[31m[1m^
[22m[39m[31m[1m^[22m[39m[31m[
1m^[22m[39m
 [90m 17 |[39m     [36mconst[39m 
supabase [33m=[39m 
createServiceClient()[33m;[39m
 [90m 18 |[39m
 [90m 19 |[39m     [36mconst[39m 
{ data[33m,[39m error } 
[33m=[39m [36mawait[39m 
supabase[0m

Invalid character in identifier

Import trace:
  Server Component:
    ./src/lib/data/clients.ts
    ./src/app/clients/page.tsx


./src/lib/data/team.ts:18:48
Parsing ecmascript source code failed
[0m [90m 16 |[39m [90m * Fetches 
all team members from the 
database[39m
 [90m 17 |[39m [90m */[39m
[31m[1m>[22m[39m[90m 18 |[39m 
[36mexport[39m [36masync[39m 
[36mfunction[39m 
getTeamMembers()[33m:[39m [33mProm
ise\u003cTeamMember[39m[]\u003e {
 [90m    |[39m                     
                           [31m[1m^
[22m[39m[31m[1m^[22m[39m[31m[
1m^[22m[39m[31m[1m^[22m[39m[31
m[1m^[22m[39m[31m[1m^[22m[39m
 [90m 19 |[39m     [36mconst[39m 
supabase [33m=[39m 
createServiceClient()[33m;[39m
 [90m 20 |[39m
 [90m 21 |[39m     [36mconst[39m 
{ data[33m,[39m error } 
[33m=[39m [36mawait[39m 
supabase[0m

Invalid character in identifier

Import trace:
  Server Component:
    ./src/lib/data/team.ts
    ./src/app/team/page.tsx


./src/lib/data/team.ts:18:66
Parsing ecmascript source code failed
[0m [90m 16 |[39m [90m * Fetches 
all team members from the 
database[39m
 [90m 17 |[39m [90m */[39m
[31m[1m>[22m[39m[90m 18 |[39m 
[36mexport[39m [36masync[39m 
[36mfunction[39m 
getTeamMembers()[33m:[39m [33mProm
ise\u003cTeamMember[39m[]\u003e {
 [90m    |[39m                     
                                     
        [31m[1m^[22m[39m[31m[1m
^[22m[39m[31m[1m^[22m[39m[31m
[1m^[22m[39m[31m[1m^[22m[39m[3
1m[1m^[22m[39m
 [90m 19 |[39m     [36mconst[39m 
supabase [33m=[39m 
createServiceClient()[33m;[39m
 [90m 20 |[39m
 [90m 21 |[39m     [36mconst[39m 
{ data[33m,[39m error } 
[33m=[39m [36mawait[39m 
supabase[0m

Invalid character in identifier

Import trace:
  Server Component:
    ./src/lib/data/team.ts
    ./src/app/team/page.tsx


    at <unknown> 
(./src/lib/data/clients.ts:16:44)
    at <unknown> 
(./src/lib/data/clients.ts:16:62)
    at <unknown> 
(./src/lib/data/team.ts:18:48)
    at <unknown> 
(./src/lib/data/team.ts:18:66)
